{"logTime": "0419/031014", "correlationVector":"wSCBrmfaKBrvCdSevnepkT.1","action":"SyncServerConnectionManagerRequest", "result":"SYNC_SERVER_OK", "context":{"environment":"Prod_brazilsouth_prod-s01-034-sam-brazilsouth", "migrationStage":"NotStarted", "server":"akswtt10000000g"}}
{"logTime": "0419/031014", "correlationVector":"wSCBrmfaKBrvCdSevnepkT.2","action":"ProcessGetUpdates", "result":"Done", "context":{"dataType":"Encryption Keys", "deleted":"0", "process_failed_to_decrypt":"0", "process_pending_decryption":"0", "process_success":"1", "total":"1"}}
{"logTime": "0419/031014", "correlationVector":"zy0XlVc0tjpViVoYXpZtUe","action":"SyncServerConnectionManagerRequest", "result":"SYNC_SERVER_OK", "context":{"environment":"", "migrationStage":"", "server":""}}
{"logTime": "0419/031014", "correlationVector":"zy0XlVc0tjpViVoYXpZtUe.0","action":"EncryptionKeysFetcher.DownloadKeys:", "result":"Success", "context":Key count: 3, Last key timestamp: 2025-10-21T12:41:31Z}
{"logTime": "0419/031014", "correlationVector":"zy0XlVc0tjpViVoYXpZtUe.1","action":"EncryptionKeysManager::SetEncryptionKeys:", "result":"Success", "context":Key names[3]:[aPmJMlcojwsaU2POdmn9KLvgn7pCg3TeRLCmgA4x2PlMLnW7RCQNINdGqYaqkrI4GGT5xxCc2H21uq9JPaNotA==][lU4XA3BnK+Symz3hLShxz4Egp+auC+47fwqhaPstlM39GYS82bLjozWf53u5/hhrRx+hJVXR1PO5N3xZV4VOFw==][LBukn6vp9rpwZ60U3S3AzGznYUaK4HlBn6ofHO+e++PWIjdfvgW2Kq9MErIr97E/5QXE1ICZik8xR3K7So/yeA==]}
{"logTime": "0419/031014", "correlationVector":"zy0XlVc0tjpViVoYXpZtUe.2","action":"EncryptionKeysManager::SetEncryptionKeysWithTimestamps:", "result":"Success", "context":Key timestamps[3]:[2024-10-09T18:18:45Z][2025-04-24T00:17:19Z][2025-10-21T12:41:31Z]}
{"logTime": "0419/031014", "correlationVector":"wSCBrmfaKBrvCdSevnepkT","action":"Initial GetUpdates", "result":"", "context":Reason: NEW_CLIENT. cV=wSCBrmfaKBrvCdSevnepkT}
{"logTime": "0419/031014", "correlationVector":"wSCBrmfaKBrvCdSevnepkT.3","action":"GetUpdates Response", "result":"Success", "context":Received 1 update(s). cV=wSCBrmfaKBrvCdSevnepkT.0;server=akswtt10000000g;cloudType=Consumer;environment=Prod_brazilsouth_prod-s01-034-sam-brazilsouth;migrationStage=NotStarted}
{"logTime": "0419/031014", "correlationVector":"xqDvZaxv4JMH7RXlsQDBky","action":"Initial GetUpdates", "result":"", "context":Reason: NEWLY_SUPPORTED_DATATYPE. cV=xqDvZaxv4JMH7RXlsQDBky}
{"logTime": "0419/031015", "correlationVector":"xqDvZaxv4JMH7RXlsQDBky.1","action":"SyncServerConnectionManagerRequest", "result":"SYNC_SERVER_OK", "context":{"environment":"Prod_brazilsouth_prod-s01-034-sam-brazilsouth", "migrationStage":"NotStarted", "server":"akswtt100000007"}}
{"logTime": "0419/031015", "correlationVector":"xqDvZaxv4JMH7RXlsQDBky.2","action":"ProcessGetUpdates", "result":"Done", "context":{"dataType":"Preferences", "deleted":"0", "process_failed_to_decrypt":"0", "process_pending_decryption":"0", "process_success":"61", "total":"61"}}
{"logTime": "0419/031015", "correlationVector":"xqDvZaxv4JMH7RXlsQDBky.3","action":"ProcessGetUpdates", "result":"Done", "context":{"dataType":"Passwords", "deleted":"0", "process_failed_to_decrypt":"0", "process_pending_decryption":"0", "process_success":"84", "total":"84"}}
{"logTime": "0419/031015", "correlationVector":"xqDvZaxv4JMH7RXlsQDBky.4","action":"ProcessGetUpdates", "result":"Done", "context":{"dataType":"Device Info", "deleted":"0", "process_failed_to_decrypt":"0", "process_pending_decryption":"0", "process_success":"20", "total":"20"}}
{"logTime": "0419/031015", "correlationVector":"xqDvZaxv4JMH7RXlsQDBky.5","action":"GetUpdates Response", "result":"Success", "context":Received 165 update(s). cV=xqDvZaxv4JMH7RXlsQDBky.0;server=akswtt100000007;cloudType=Consumer;environment=Prod_brazilsouth_prod-s01-034-sam-brazilsouth;migrationStage=NotStarted}
{"logTime": "0419/031015", "correlationVector":"NbwI6waQ+bspRTQBtXVt5W","action":"Initial GetUpdates", "result":"", "context":Reason: NEWLY_SUPPORTED_DATATYPE. cV=NbwI6waQ+bspRTQBtXVt5W}
{"logTime": "0419/031015", "correlationVector":"NbwI6waQ+bspRTQBtXVt5W.1","action":"SyncServerConnectionManagerRequest", "result":"SYNC_SERVER_OK", "context":{"environment":"Prod_brazilsouth_prod-s01-034-sam-brazilsouth", "migrationStage":"NotStarted", "server":"akswtt10000000e"}}
{"logTime": "0419/031015", "correlationVector":"NbwI6waQ+bspRTQBtXVt5W.2","action":"ProcessGetUpdates", "result":"Done", "context":{"dataType":"Bookmarks", "deleted":"0", "process_failed_to_decrypt":"0", "process_pending_decryption":"0", "process_success":"156", "total":"156"}}
{"logTime": "0419/031015", "correlationVector":"NbwI6waQ+bspRTQBtXVt5W.3","action":"GetUpdates Response", "result":"Success", "context":Received 156 update(s). cV=NbwI6waQ+bspRTQBtXVt5W.0;server=akswtt10000000e;cloudType=Consumer;environment=Prod_brazilsouth_prod-s01-034-sam-brazilsouth;migrationStage=NotStarted}
{"logTime": "0419/031016", "correlationVector":"+wBPWsix4mV/T4EFRr+Dij","action":"Initial GetUpdates", "result":"", "context":Reason: NEWLY_SUPPORTED_DATATYPE. cV=+wBPWsix4mV/T4EFRr+Dij}
{"logTime": "0419/031016", "correlationVector":"+wBPWsix4mV/T4EFRr+Dij.1","action":"SyncServerConnectionManagerRequest", "result":"SYNC_SERVER_OK", "context":{"environment":"Prod_brazilsouth_prod-s01-034-sam-brazilsouth", "migrationStage":"NotStarted", "server":"akswtt100000002"}}
{"logTime": "0419/031016", "correlationVector":"+wBPWsix4mV/T4EFRr+Dij.2","action":"ProcessGetUpdates", "result":"Done", "context":{"dataType":"Autofill", "deleted":"0", "process_failed_to_decrypt":"0", "process_pending_decryption":"0", "process_success":"248", "total":"248"}}
{"logTime": "0419/031016", "correlationVector":"+wBPWsix4mV/T4EFRr+Dij.3","action":"ProcessGetUpdates", "result":"Done", "context":{"dataType":"Extensions", "deleted":"0", "process_failed_to_decrypt":"0", "process_pending_decryption":"0", "process_success":"2", "total":"2"}}
{"logTime": "0419/031016", "correlationVector":"+wBPWsix4mV/T4EFRr+Dij.4","action":"GetUpdates Response", "result":"Success", "context":Received 250 update(s). cV=+wBPWsix4mV/T4EFRr+Dij.0;server=akswtt100000002;cloudType=Consumer;environment=Prod_brazilsouth_prod-s01-034-sam-brazilsouth;migrationStage=NotStarted Some updates remain.}
{"logTime": "0419/031016", "correlationVector":"628XQBhDC6Daqyp0OTw5KS","action":"Initial GetUpdates", "result":"", "context":Reason: NEWLY_SUPPORTED_DATATYPE. cV=628XQBhDC6Daqyp0OTw5KS}
{"logTime": "0419/031017", "correlationVector":"628XQBhDC6Daqyp0OTw5KS.1","action":"SyncServerConnectionManagerRequest", "result":"SYNC_SERVER_OK", "context":{"environment":"Prod_brazilsouth_prod-s01-034-sam-brazilsouth", "migrationStage":"NotStarted", "server":"akswtt100000003"}}
{"logTime": "0419/031017", "correlationVector":"628XQBhDC6Daqyp0OTw5KS.2","action":"ProcessGetUpdates", "result":"Done", "context":{"dataType":"Autofill", "deleted":"0", "process_failed_to_decrypt":"0", "process_pending_decryption":"0", "process_success":"250", "total":"250"}}
{"logTime": "0419/031017", "correlationVector":"628XQBhDC6Daqyp0OTw5KS.3","action":"GetUpdates Response", "result":"Success", "context":Received 250 update(s). cV=628XQBhDC6Daqyp0OTw5KS.0;server=akswtt100000003;cloudType=Consumer;environment=Prod_brazilsouth_prod-s01-034-sam-brazilsouth;migrationStage=NotStarted Some updates remain.}
{"logTime": "0419/031017", "correlationVector":"0SRtpz8ikgUXexVKrrG5Dw","action":"Initial GetUpdates", "result":"", "context":Reason: NEWLY_SUPPORTED_DATATYPE. cV=0SRtpz8ikgUXexVKrrG5Dw}
{"logTime": "0419/031018", "correlationVector":"0SRtpz8ikgUXexVKrrG5Dw.1","action":"SyncServerConnectionManagerRequest", "result":"SYNC_SERVER_OK", "context":{"environment":"Prod_brazilsouth_prod-s01-034-sam-brazilsouth", "migrationStage":"NotStarted", "server":"akswtt10000000g"}}
{"logTime": "0419/031018", "correlationVector":"0SRtpz8ikgUXexVKrrG5Dw.2","action":"ProcessGetUpdates", "result":"Done", "context":{"dataType":"Autofill", "deleted":"0", "process_failed_to_decrypt":"0", "process_pending_decryption":"0", "process_success":"250", "total":"250"}}
{"logTime": "0419/031018", "correlationVector":"0SRtpz8ikgUXexVKrrG5Dw.3","action":"GetUpdates Response", "result":"Success", "context":Received 250 update(s). cV=0SRtpz8ikgUXexVKrrG5Dw.0;server=akswtt10000000g;cloudType=Consumer;environment=Prod_brazilsouth_prod-s01-034-sam-brazilsouth;migrationStage=NotStarted Some updates remain.}
{"logTime": "0419/031018", "correlationVector":"m5lZDl9tv+F33fF7YsOPgk","action":"Initial GetUpdates", "result":"", "context":Reason: NEWLY_SUPPORTED_DATATYPE. cV=m5lZDl9tv+F33fF7YsOPgk}
{"logTime": "0419/031018", "correlationVector":"m5lZDl9tv+F33fF7YsOPgk.1","action":"SyncServerConnectionManagerRequest", "result":"SYNC_SERVER_OK", "context":{"environment":"Prod_brazilsouth_prod-s01-034-sam-brazilsouth", "migrationStage":"NotStarted", "server":"akswtt100000003"}}
{"logTime": "0419/031018", "correlationVector":"m5lZDl9tv+F33fF7YsOPgk.2","action":"ProcessGetUpdates", "result":"Done", "context":{"dataType":"Autofill", "deleted":"0", "process_failed_to_decrypt":"0", "process_pending_decryption":"0", "process_success":"250", "total":"250"}}
{"logTime": "0419/031018", "correlationVector":"m5lZDl9tv+F33fF7YsOPgk.3","action":"GetUpdates Response", "result":"Success", "context":Received 250 update(s). cV=m5lZDl9tv+F33fF7YsOPgk.0;server=akswtt100000003;cloudType=Consumer;environment=Prod_brazilsouth_prod-s01-034-sam-brazilsouth;migrationStage=NotStarted Some updates remain.}
{"logTime": "0419/031018", "correlationVector":"CNspxIhNarlVpBUL45LLts","action":"Initial GetUpdates", "result":"", "context":Reason: NEWLY_SUPPORTED_DATATYPE. cV=CNspxIhNarlVpBUL45LLts}
{"logTime": "0419/031019", "correlationVector":"CNspxIhNarlVpBUL45LLts.1","action":"SyncServerConnectionManagerRequest", "result":"SYNC_SERVER_OK", "context":{"environment":"Prod_brazilsouth_prod-s01-034-sam-brazilsouth", "migrationStage":"NotStarted", "server":"akswtt10000000g"}}
{"logTime": "0419/031019", "correlationVector":"CNspxIhNarlVpBUL45LLts.2","action":"ProcessGetUpdates", "result":"Done", "context":{"dataType":"Autofill", "deleted":"0", "process_failed_to_decrypt":"0", "process_pending_decryption":"0", "process_success":"250", "total":"250"}}
{"logTime": "0419/031019", "correlationVector":"CNspxIhNarlVpBUL45LLts.3","action":"GetUpdates Response", "result":"Success", "context":Received 250 update(s). cV=CNspxIhNarlVpBUL45LLts.0;server=akswtt10000000g;cloudType=Consumer;environment=Prod_brazilsouth_prod-s01-034-sam-brazilsouth;migrationStage=NotStarted Some updates remain.}
{"logTime": "0419/031019", "correlationVector":"JR3E2nuKji00fSamOuxJWP","action":"Initial GetUpdates", "result":"", "context":Reason: NEWLY_SUPPORTED_DATATYPE. cV=JR3E2nuKji00fSamOuxJWP}
{"logTime": "0419/031019", "correlationVector":"JR3E2nuKji00fSamOuxJWP.1","action":"SyncServerConnectionManagerRequest", "result":"SYNC_SERVER_OK", "context":{"environment":"Prod_brazilsouth_prod-s01-034-sam-brazilsouth", "migrationStage":"NotStarted", "server":"akswtt100000003"}}
{"logTime": "0419/031019", "correlationVector":"JR3E2nuKji00fSamOuxJWP.2","action":"ProcessGetUpdates", "result":"Done", "context":{"dataType":"Autofill", "deleted":"0", "process_failed_to_decrypt":"0", "process_pending_decryption":"0", "process_success":"250", "total":"250"}}
{"logTime": "0419/031019", "correlationVector":"JR3E2nuKji00fSamOuxJWP.3","action":"GetUpdates Response", "result":"Success", "context":Received 250 update(s). cV=JR3E2nuKji00fSamOuxJWP.0;server=akswtt100000003;cloudType=Consumer;environment=Prod_brazilsouth_prod-s01-034-sam-brazilsouth;migrationStage=NotStarted Some updates remain.}
{"logTime": "0419/031019", "correlationVector":"mGmQuQ+hnjuMOLkuTQT7jq","action":"Initial GetUpdates", "result":"", "context":Reason: NEWLY_SUPPORTED_DATATYPE. cV=mGmQuQ+hnjuMOLkuTQT7jq}
{"logTime": "0419/031019", "correlationVector":"mGmQuQ+hnjuMOLkuTQT7jq.1","action":"SyncServerConnectionManagerRequest", "result":"SYNC_SERVER_OK", "context":{"environment":"Prod_brazilsouth_prod-s01-034-sam-brazilsouth", "migrationStage":"NotStarted", "server":"akswtt10000000g"}}
{"logTime": "0419/031019", "correlationVector":"mGmQuQ+hnjuMOLkuTQT7jq.2","action":"ProcessGetUpdates", "result":"Done", "context":{"dataType":"Autofill", "deleted":"0", "process_failed_to_decrypt":"0", "process_pending_decryption":"0", "process_success":"250", "total":"250"}}
{"logTime": "0419/031019", "correlationVector":"mGmQuQ+hnjuMOLkuTQT7jq.3","action":"GetUpdates Response", "result":"Success", "context":Received 250 update(s). cV=mGmQuQ+hnjuMOLkuTQT7jq.0;server=akswtt10000000g;cloudType=Consumer;environment=Prod_brazilsouth_prod-s01-034-sam-brazilsouth;migrationStage=NotStarted Some updates remain.}
{"logTime": "0419/031019", "correlationVector":"jsh7dVfxltbNcCm7wEJerG","action":"Initial GetUpdates", "result":"", "context":Reason: NEWLY_SUPPORTED_DATATYPE. cV=jsh7dVfxltbNcCm7wEJerG}
{"logTime": "0419/031020", "correlationVector":"jsh7dVfxltbNcCm7wEJerG.1","action":"SyncServerConnectionManagerRequest", "result":"SYNC_SERVER_OK", "context":{"environment":"Prod_brazilsouth_prod-s01-034-sam-brazilsouth", "migrationStage":"NotStarted", "server":"akswtt100000003"}}
{"logTime": "0419/031020", "correlationVector":"jsh7dVfxltbNcCm7wEJerG.2","action":"ProcessGetUpdates", "result":"Done", "context":{"dataType":"Autofill", "deleted":"0", "process_failed_to_decrypt":"0", "process_pending_decryption":"0", "process_success":"250", "total":"250"}}
{"logTime": "0419/031020", "correlationVector":"jsh7dVfxltbNcCm7wEJerG.3","action":"GetUpdates Response", "result":"Success", "context":Received 250 update(s). cV=jsh7dVfxltbNcCm7wEJerG.0;server=akswtt100000003;cloudType=Consumer;environment=Prod_brazilsouth_prod-s01-034-sam-brazilsouth;migrationStage=NotStarted Some updates remain.}
{"logTime": "0419/031020", "correlationVector":"BT7G1g7JdggyD8QVtYn80y","action":"Initial GetUpdates", "result":"", "context":Reason: NEWLY_SUPPORTED_DATATYPE. cV=BT7G1g7JdggyD8QVtYn80y}
{"logTime": "0419/031020", "correlationVector":"BT7G1g7JdggyD8QVtYn80y.1","action":"SyncServerConnectionManagerRequest", "result":"SYNC_SERVER_OK", "context":{"environment":"Prod_brazilsouth_prod-s01-034-sam-brazilsouth", "migrationStage":"NotStarted", "server":"akswtt100000003"}}
{"logTime": "0419/031020", "correlationVector":"BT7G1g7JdggyD8QVtYn80y.2","action":"ProcessGetUpdates", "result":"Done", "context":{"dataType":"Autofill", "deleted":"0", "process_failed_to_decrypt":"0", "process_pending_decryption":"0", "process_success":"250", "total":"250"}}
{"logTime": "0419/031020", "correlationVector":"BT7G1g7JdggyD8QVtYn80y.3","action":"GetUpdates Response", "result":"Success", "context":Received 250 update(s). cV=BT7G1g7JdggyD8QVtYn80y.0;server=akswtt100000003;cloudType=Consumer;environment=Prod_brazilsouth_prod-s01-034-sam-brazilsouth;migrationStage=NotStarted Some updates remain.}
{"logTime": "0419/031020", "correlationVector":"0qa+inF8eB54HvKosi0xuo","action":"Initial GetUpdates", "result":"", "context":Reason: NEWLY_SUPPORTED_DATATYPE. cV=0qa+inF8eB54HvKosi0xuo}
{"logTime": "0419/031021", "correlationVector":"0qa+inF8eB54HvKosi0xuo.1","action":"SyncServerConnectionManagerRequest", "result":"SYNC_SERVER_OK", "context":{"environment":"Prod_brazilsouth_prod-s01-034-sam-brazilsouth", "migrationStage":"NotStarted", "server":"akswtt100000003"}}
{"logTime": "0419/031021", "correlationVector":"0qa+inF8eB54HvKosi0xuo.2","action":"ProcessGetUpdates", "result":"Done", "context":{"dataType":"Autofill", "deleted":"0", "process_failed_to_decrypt":"0", "process_pending_decryption":"0", "process_success":"250", "total":"250"}}
{"logTime": "0419/031021", "correlationVector":"0qa+inF8eB54HvKosi0xuo.3","action":"GetUpdates Response", "result":"Success", "context":Received 250 update(s). cV=0qa+inF8eB54HvKosi0xuo.0;server=akswtt100000003;cloudType=Consumer;environment=Prod_brazilsouth_prod-s01-034-sam-brazilsouth;migrationStage=NotStarted Some updates remain.}
{"logTime": "0419/031021", "correlationVector":"fFl4ImI49sVCrAvnkKzPCh","action":"Initial GetUpdates", "result":"", "context":Reason: NEWLY_SUPPORTED_DATATYPE. cV=fFl4ImI49sVCrAvnkKzPCh}
{"logTime": "0419/031021", "correlationVector":"fFl4ImI49sVCrAvnkKzPCh.1","action":"SyncServerConnectionManagerRequest", "result":"SYNC_SERVER_OK", "context":{"environment":"Prod_brazilsouth_prod-s01-034-sam-brazilsouth", "migrationStage":"NotStarted", "server":"akswtt100000009"}}
{"logTime": "0419/031021", "correlationVector":"fFl4ImI49sVCrAvnkKzPCh.2","action":"ProcessGetUpdates", "result":"Done", "context":{"dataType":"Autofill", "deleted":"0", "process_failed_to_decrypt":"0", "process_pending_decryption":"0", "process_success":"250", "total":"250"}}
{"logTime": "0419/031021", "correlationVector":"fFl4ImI49sVCrAvnkKzPCh.3","action":"GetUpdates Response", "result":"Success", "context":Received 250 update(s). cV=fFl4ImI49sVCrAvnkKzPCh.0;server=akswtt100000009;cloudType=Consumer;environment=Prod_brazilsouth_prod-s01-034-sam-brazilsouth;migrationStage=NotStarted Some updates remain.}
{"logTime": "0419/031021", "correlationVector":"NlPh9GZXBi6G9FPQI+pF6H","action":"Initial GetUpdates", "result":"", "context":Reason: NEWLY_SUPPORTED_DATATYPE. cV=NlPh9GZXBi6G9FPQI+pF6H}
{"logTime": "0419/031021", "correlationVector":"NlPh9GZXBi6G9FPQI+pF6H.1","action":"SyncServerConnectionManagerRequest", "result":"SYNC_SERVER_OK", "context":{"environment":"Prod_brazilsouth_prod-s01-034-sam-brazilsouth", "migrationStage":"NotStarted", "server":"akswtt100000003"}}
{"logTime": "0419/031021", "correlationVector":"NlPh9GZXBi6G9FPQI+pF6H.2","action":"ProcessGetUpdates", "result":"Done", "context":{"dataType":"Autofill", "deleted":"0", "process_failed_to_decrypt":"0", "process_pending_decryption":"0", "process_success":"250", "total":"250"}}
{"logTime": "0419/031021", "correlationVector":"NlPh9GZXBi6G9FPQI+pF6H.3","action":"GetUpdates Response", "result":"Success", "context":Received 250 update(s). cV=NlPh9GZXBi6G9FPQI+pF6H.0;server=akswtt100000003;cloudType=Consumer;environment=Prod_brazilsouth_prod-s01-034-sam-brazilsouth;migrationStage=NotStarted Some updates remain.}
{"logTime": "0419/031021", "correlationVector":"MLsBuhDiY4eO9rVQ4UUaSu","action":"Initial GetUpdates", "result":"", "context":Reason: NEWLY_SUPPORTED_DATATYPE. cV=MLsBuhDiY4eO9rVQ4UUaSu}
{"logTime": "0419/031022", "correlationVector":"MLsBuhDiY4eO9rVQ4UUaSu.1","action":"SyncServerConnectionManagerRequest", "result":"SYNC_SERVER_OK", "context":{"environment":"Prod_brazilsouth_prod-s01-034-sam-brazilsouth", "migrationStage":"NotStarted", "server":"akswtt100000003"}}
{"logTime": "0419/031022", "correlationVector":"MLsBuhDiY4eO9rVQ4UUaSu.2","action":"ProcessGetUpdates", "result":"Done", "context":{"dataType":"Autofill", "deleted":"0", "process_failed_to_decrypt":"0", "process_pending_decryption":"0", "process_success":"250", "total":"250"}}
{"logTime": "0419/031022", "correlationVector":"MLsBuhDiY4eO9rVQ4UUaSu.3","action":"GetUpdates Response", "result":"Success", "context":Received 250 update(s). cV=MLsBuhDiY4eO9rVQ4UUaSu.0;server=akswtt100000003;cloudType=Consumer;environment=Prod_brazilsouth_prod-s01-034-sam-brazilsouth;migrationStage=NotStarted Some updates remain.}
{"logTime": "0419/031022", "correlationVector":"rvZfZptj/h/aQcYg7QizR7","action":"Initial GetUpdates", "result":"", "context":Reason: NEWLY_SUPPORTED_DATATYPE. cV=rvZfZptj/h/aQcYg7QizR7}
{"logTime": "0419/031022", "correlationVector":"rvZfZptj/h/aQcYg7QizR7.1","action":"SyncServerConnectionManagerRequest", "result":"SYNC_SERVER_OK", "context":{"environment":"Prod_brazilsouth_prod-s01-034-sam-brazilsouth", "migrationStage":"NotStarted", "server":"akswtt100000009"}}
{"logTime": "0419/031022", "correlationVector":"rvZfZptj/h/aQcYg7QizR7.2","action":"ProcessGetUpdates", "result":"Done", "context":{"dataType":"Autofill", "deleted":"0", "process_failed_to_decrypt":"0", "process_pending_decryption":"0", "process_success":"250", "total":"250"}}
{"logTime": "0419/031022", "correlationVector":"rvZfZptj/h/aQcYg7QizR7.3","action":"GetUpdates Response", "result":"Success", "context":Received 250 update(s). cV=rvZfZptj/h/aQcYg7QizR7.0;server=akswtt100000009;cloudType=Consumer;environment=Prod_brazilsouth_prod-s01-034-sam-brazilsouth;migrationStage=NotStarted Some updates remain.}
{"logTime": "0419/031022", "correlationVector":"04/DIHI+1nsyZ844OTcgYn","action":"Initial GetUpdates", "result":"", "context":Reason: NEWLY_SUPPORTED_DATATYPE. cV=04/DIHI+1nsyZ844OTcgYn}
{"logTime": "0419/031023", "correlationVector":"04/DIHI+1nsyZ844OTcgYn.1","action":"SyncServerConnectionManagerRequest", "result":"SYNC_SERVER_OK", "context":{"environment":"Prod_brazilsouth_prod-s01-034-sam-brazilsouth", "migrationStage":"NotStarted", "server":"akswtt100000007"}}
{"logTime": "0419/031023", "correlationVector":"04/DIHI+1nsyZ844OTcgYn.2","action":"ProcessGetUpdates", "result":"Done", "context":{"dataType":"Autofill", "deleted":"0", "process_failed_to_decrypt":"0", "process_pending_decryption":"0", "process_success":"250", "total":"250"}}
{"logTime": "0419/031023", "correlationVector":"04/DIHI+1nsyZ844OTcgYn.3","action":"GetUpdates Response", "result":"Success", "context":Received 250 update(s). cV=04/DIHI+1nsyZ844OTcgYn.0;server=akswtt100000007;cloudType=Consumer;environment=Prod_brazilsouth_prod-s01-034-sam-brazilsouth;migrationStage=NotStarted Some updates remain.}
{"logTime": "0419/031023", "correlationVector":"+rWxE+Iec2r5h+bUmHOUdd","action":"Initial GetUpdates", "result":"", "context":Reason: NEWLY_SUPPORTED_DATATYPE. cV=+rWxE+Iec2r5h+bUmHOUdd}
{"logTime": "0419/031023", "correlationVector":"+rWxE+Iec2r5h+bUmHOUdd.1","action":"SyncServerConnectionManagerRequest", "result":"SYNC_SERVER_OK", "context":{"environment":"Prod_brazilsouth_prod-s01-034-sam-brazilsouth", "migrationStage":"NotStarted", "server":"akswtt100000003"}}
{"logTime": "0419/031023", "correlationVector":"+rWxE+Iec2r5h+bUmHOUdd.2","action":"ProcessGetUpdates", "result":"Done", "context":{"dataType":"Autofill Profiles", "deleted":"0", "process_failed_to_decrypt":"0", "process_pending_decryption":"0", "process_success":"1", "total":"1"}}
{"logTime": "0419/031023", "correlationVector":"+rWxE+Iec2r5h+bUmHOUdd.3","action":"ProcessGetUpdates", "result":"Done", "context":{"dataType":"Autofill", "deleted":"0", "process_failed_to_decrypt":"0", "process_pending_decryption":"0", "process_success":"50", "total":"50"}}
{"logTime": "0419/031023", "correlationVector":"+rWxE+Iec2r5h+bUmHOUdd.4","action":"ProcessGetUpdates", "result":"Done", "context":{"dataType":"Extensions", "deleted":"0", "process_failed_to_decrypt":"0", "process_pending_decryption":"0", "process_success":"1", "total":"1"}}
{"logTime": "0419/031023", "correlationVector":"+rWxE+Iec2r5h+bUmHOUdd.5","action":"ProcessGetUpdates", "result":"Done", "context":{"dataType":"Sessions", "deleted":"44", "process_failed_to_decrypt":"0", "process_pending_decryption":"0", "process_success":"47", "total":"47"}}
{"logTime": "0419/031023", "correlationVector":"+rWxE+Iec2r5h+bUmHOUdd.6","action":"ProcessGetUpdates", "result":"Done", "context":{"dataType":"Edge Hub App Usage", "deleted":"6", "process_failed_to_decrypt":"0", "process_pending_decryption":"0", "process_success":"15", "total":"15"}}
{"logTime": "0419/031023", "correlationVector":"+rWxE+Iec2r5h+bUmHOUdd.7","action":"GetUpdates Response", "result":"Success", "context":Received 114 update(s). cV=+rWxE+Iec2r5h+bUmHOUdd.0;server=akswtt100000003;cloudType=Consumer;environment=Prod_brazilsouth_prod-s01-034-sam-brazilsouth;migrationStage=NotStarted}
{"logTime": "0419/031023", "correlationVector":"F7SG+aDFEBEA4HycogzM1s","action":"Initial GetUpdates", "result":"", "context":Reason: NEWLY_SUPPORTED_DATATYPE. cV=F7SG+aDFEBEA4HycogzM1s}
{"logTime": "0419/031024", "correlationVector":"F7SG+aDFEBEA4HycogzM1s.1","action":"SyncServerConnectionManagerRequest", "result":"SYNC_SERVER_OK", "context":{"environment":"Prod_brazilsouth_prod-s01-034-sam-brazilsouth", "migrationStage":"NotStarted", "server":"akswtt100000007"}}
{"logTime": "0419/031024", "correlationVector":"F7SG+aDFEBEA4HycogzM1s.2","action":"ProcessGetUpdates", "result":"Done", "context":{"dataType":"History", "deleted":"0", "process_failed_to_decrypt":"0", "process_pending_decryption":"0", "process_success":"250", "total":"250"}}
{"logTime": "0419/031024", "correlationVector":"F7SG+aDFEBEA4HycogzM1s.3","action":"GetUpdates Response", "result":"Success", "context":Received 250 update(s). cV=F7SG+aDFEBEA4HycogzM1s.0;server=akswtt100000007;cloudType=Consumer;environment=Prod_brazilsouth_prod-s01-034-sam-brazilsouth;migrationStage=NotStarted Some updates remain.}
{"logTime": "0419/031024", "correlationVector":"9/TVOdIE2qfDrng8JbZt/h","action":"Initial GetUpdates", "result":"", "context":Reason: NEWLY_SUPPORTED_DATATYPE. cV=9/TVOdIE2qfDrng8JbZt/h}
{"logTime": "0419/031024", "correlationVector":"9/TVOdIE2qfDrng8JbZt/h.1","action":"SyncServerConnectionManagerRequest", "result":"SYNC_SERVER_OK", "context":{"environment":"Prod_brazilsouth_prod-s01-034-sam-brazilsouth", "migrationStage":"NotStarted", "server":"akswtt100000003"}}
{"logTime": "0419/031024", "correlationVector":"9/TVOdIE2qfDrng8JbZt/h.2","action":"ProcessGetUpdates", "result":"Done", "context":{"dataType":"History", "deleted":"0", "process_failed_to_decrypt":"0", "process_pending_decryption":"0", "process_success":"250", "total":"250"}}
{"logTime": "0419/031024", "correlationVector":"9/TVOdIE2qfDrng8JbZt/h.3","action":"GetUpdates Response", "result":"Success", "context":Received 250 update(s). cV=9/TVOdIE2qfDrng8JbZt/h.0;server=akswtt100000003;cloudType=Consumer;environment=Prod_brazilsouth_prod-s01-034-sam-brazilsouth;migrationStage=NotStarted Some updates remain.}
{"logTime": "0419/031024", "correlationVector":"8tPssnCg+Mgdl3mGSu4EWD","action":"Initial GetUpdates", "result":"", "context":Reason: NEWLY_SUPPORTED_DATATYPE. cV=8tPssnCg+Mgdl3mGSu4EWD}
{"logTime": "0419/031024", "correlationVector":"8tPssnCg+Mgdl3mGSu4EWD.1","action":"SyncServerConnectionManagerRequest", "result":"SYNC_SERVER_OK", "context":{"environment":"Prod_brazilsouth_prod-s01-034-sam-brazilsouth", "migrationStage":"NotStarted", "server":"akswtt100000007"}}
{"logTime": "0419/031024", "correlationVector":"8tPssnCg+Mgdl3mGSu4EWD.2","action":"ProcessGetUpdates", "result":"Done", "context":{"dataType":"History", "deleted":"0", "process_failed_to_decrypt":"0", "process_pending_decryption":"0", "process_success":"250", "total":"250"}}
{"logTime": "0419/031024", "correlationVector":"8tPssnCg+Mgdl3mGSu4EWD.3","action":"GetUpdates Response", "result":"Success", "context":Received 250 update(s). cV=8tPssnCg+Mgdl3mGSu4EWD.0;server=akswtt100000007;cloudType=Consumer;environment=Prod_brazilsouth_prod-s01-034-sam-brazilsouth;migrationStage=NotStarted Some updates remain.}
{"logTime": "0419/031024", "correlationVector":"UBOC/ePZc0Ae1Y/K280XcB","action":"Initial GetUpdates", "result":"", "context":Reason: NEWLY_SUPPORTED_DATATYPE. cV=UBOC/ePZc0Ae1Y/K280XcB}
{"logTime": "0419/031025", "correlationVector":"UBOC/ePZc0Ae1Y/K280XcB.1","action":"SyncServerConnectionManagerRequest", "result":"SYNC_SERVER_OK", "context":{"environment":"Prod_brazilsouth_prod-s01-034-sam-brazilsouth", "migrationStage":"NotStarted", "server":"akswtt100000003"}}
{"logTime": "0419/031025", "correlationVector":"UBOC/ePZc0Ae1Y/K280XcB.2","action":"ProcessGetUpdates", "result":"Done", "context":{"dataType":"History", "deleted":"0", "process_failed_to_decrypt":"0", "process_pending_decryption":"0", "process_success":"250", "total":"250"}}
{"logTime": "0419/031025", "correlationVector":"UBOC/ePZc0Ae1Y/K280XcB.3","action":"GetUpdates Response", "result":"Success", "context":Received 250 update(s). cV=UBOC/ePZc0Ae1Y/K280XcB.0;server=akswtt100000003;cloudType=Consumer;environment=Prod_brazilsouth_prod-s01-034-sam-brazilsouth;migrationStage=NotStarted Some updates remain.}
{"logTime": "0419/031025", "correlationVector":"9u8YCSU3HQn70HaHCUTxmB","action":"Initial GetUpdates", "result":"", "context":Reason: NEWLY_SUPPORTED_DATATYPE. cV=9u8YCSU3HQn70HaHCUTxmB}
{"logTime": "0419/031025", "correlationVector":"9u8YCSU3HQn70HaHCUTxmB.1","action":"SyncServerConnectionManagerRequest", "result":"SYNC_SERVER_OK", "context":{"environment":"Prod_brazilsouth_prod-s01-034-sam-brazilsouth", "migrationStage":"NotStarted", "server":"akswtt10000000g"}}
{"logTime": "0419/031025", "correlationVector":"9u8YCSU3HQn70HaHCUTxmB.2","action":"ProcessGetUpdates", "result":"Done", "context":{"dataType":"History", "deleted":"0", "process_failed_to_decrypt":"0", "process_pending_decryption":"0", "process_success":"250", "total":"250"}}
{"logTime": "0419/031025", "correlationVector":"9u8YCSU3HQn70HaHCUTxmB.3","action":"GetUpdates Response", "result":"Success", "context":Received 250 update(s). cV=9u8YCSU3HQn70HaHCUTxmB.0;server=akswtt10000000g;cloudType=Consumer;environment=Prod_brazilsouth_prod-s01-034-sam-brazilsouth;migrationStage=NotStarted Some updates remain.}
{"logTime": "0419/031025", "correlationVector":"mWJZuMhbB8chteZu/h34uY","action":"Initial GetUpdates", "result":"", "context":Reason: NEWLY_SUPPORTED_DATATYPE. cV=mWJZuMhbB8chteZu/h34uY}
{"logTime": "0419/031026", "correlationVector":"mWJZuMhbB8chteZu/h34uY.1","action":"SyncServerConnectionManagerRequest", "result":"SYNC_SERVER_OK", "context":{"environment":"Prod_brazilsouth_prod-s01-034-sam-brazilsouth", "migrationStage":"NotStarted", "server":"akswtt10000000g"}}
{"logTime": "0419/031026", "correlationVector":"mWJZuMhbB8chteZu/h34uY.2","action":"ProcessGetUpdates", "result":"Done", "context":{"dataType":"History", "deleted":"0", "process_failed_to_decrypt":"0", "process_pending_decryption":"0", "process_success":"250", "total":"250"}}
{"logTime": "0419/031026", "correlationVector":"mWJZuMhbB8chteZu/h34uY.3","action":"GetUpdates Response", "result":"Success", "context":Received 250 update(s). cV=mWJZuMhbB8chteZu/h34uY.0;server=akswtt10000000g;cloudType=Consumer;environment=Prod_brazilsouth_prod-s01-034-sam-brazilsouth;migrationStage=NotStarted Some updates remain.}
{"logTime": "0419/031026", "correlationVector":"inZ3cKFFo2+fX1Sj8rXV+e","action":"Initial GetUpdates", "result":"", "context":Reason: NEWLY_SUPPORTED_DATATYPE. cV=inZ3cKFFo2+fX1Sj8rXV+e}
{"logTime": "0419/031026", "correlationVector":"inZ3cKFFo2+fX1Sj8rXV+e.1","action":"SyncServerConnectionManagerRequest", "result":"SYNC_SERVER_OK", "context":{"environment":"Prod_brazilsouth_prod-s01-034-sam-brazilsouth", "migrationStage":"NotStarted", "server":"akswtt100000009"}}
{"logTime": "0419/031026", "correlationVector":"inZ3cKFFo2+fX1Sj8rXV+e.2","action":"ProcessGetUpdates", "result":"Done", "context":{"dataType":"History", "deleted":"0", "process_failed_to_decrypt":"0", "process_pending_decryption":"0", "process_success":"162", "total":"162"}}
{"logTime": "0419/031026", "correlationVector":"inZ3cKFFo2+fX1Sj8rXV+e.3","action":"GetUpdates Response", "result":"Success", "context":Received 162 update(s). cV=inZ3cKFFo2+fX1Sj8rXV+e.0;server=akswtt100000009;cloudType=Consumer;environment=Prod_brazilsouth_prod-s01-034-sam-brazilsouth;migrationStage=NotStarted}
{"logTime": "0419/031026", "correlationVector":"Z6aybj8FfdezS8rtCLedYQ","action":"Normal GetUpdate request", "result":"", "context":cV=Z6aybj8FfdezS8rtCLedYQ
Nudged types: Sessions, Device Info, User Consents
Refresh requested types: Bookmarks, Preferences, Passwords, Autofill Profiles, Autofill, Extensions, Sessions, Extension settings, History Delete Directives, Device Info, User Consents, Send Tab To Self, Web Apps, History, Saved Tab Group, WebAuthn Credentials, Collection, Edge E Drop, Edge Hub App Usage, Edge Wallet, Edge Workspace, Encryption Keys}
{"logTime": "0419/031027", "correlationVector":"Z6aybj8FfdezS8rtCLedYQ.1","action":"SyncServerConnectionManagerRequest", "result":"SYNC_SERVER_OK", "context":{"environment":"Prod_brazilsouth_prod-s01-034-sam-brazilsouth", "migrationStage":"NotStarted", "server":"akswtt100000007"}}
{"logTime": "0419/031027", "correlationVector":"Z6aybj8FfdezS8rtCLedYQ.2","action":"GetUpdates Response", "result":"Success", "context":Received 0 update(s). cV=Z6aybj8FfdezS8rtCLedYQ.0;server=akswtt100000007;cloudType=Consumer;environment=Prod_brazilsouth_prod-s01-034-sam-brazilsouth;migrationStage=NotStarted}
{"logTime": "0419/031027", "correlationVector":"8+GDh16J9ZoEg6/dYHzwKJ","action":"DoCompareDataConsistency requsted types: ", "result":"Bookmarks, Preferences, Passwords, Extensions, Extension settings, History Delete Directives, Send Tab To Self, Web Apps, History, Saved Tab Group, WebAuthn Credentials, Collection, Edge E Drop, Edge Wallet, Edge Workspace, Encryption Keys"}
{"logTime": "0419/031027", "correlationVector":"8+GDh16J9ZoEg6/dYHzwKJ.0","action":"CompareDataConsistency result: ", "result":"Compare result: Encryption Keys is consistent. local entities count is: 1 local entities hash is: ozFvAtp3uEkv4XVm2H+B6LSRkfo="}
{"logTime": "0419/031027", "correlationVector":"8+GDh16J9ZoEg6/dYHzwKJ.1","action":"CompareDataConsistency result: ", "result":"Compare result: Bookmarks is consistent. local entities count is: 150 local entities hash is: o/vdwHFntoZX1cCU+wdoxDCl0LE="}
{"logTime": "0419/031027", "correlationVector":"8+GDh16J9ZoEg6/dYHzwKJ.2","action":"CompareDataConsistency result: ", "result":"Compare result: Preferences is consistent. local entities count is: 61 local entities hash is: RyjJclbhBrs71b7hSgfJZ3qLmwg="}
{"logTime": "0419/031027", "correlationVector":"8+GDh16J9ZoEg6/dYHzwKJ.3","action":"CompareDataConsistency result: ", "result":"Compare result: Extensions is consistent. local entities count is: 3 local entities hash is: ysDC3ErpHush/Apur/YSoOQHDuU="}
{"logTime": "0419/031027", "correlationVector":"8+GDh16J9ZoEg6/dYHzwKJ.4","action":"CompareDataConsistency result: ", "result":"Compare result: Extension settings is consistent. local entities count is: 0 local entities hash is: "}
{"logTime": "0419/031027", "correlationVector":"8+GDh16J9ZoEg6/dYHzwKJ.5","action":"CompareDataConsistency result: ", "result":"Compare result: History Delete Directives is consistent. local entities count is: 0 local entities hash is: "}
{"logTime": "0419/031027", "correlationVector":"8+GDh16J9ZoEg6/dYHzwKJ.6","action":"CompareDataConsistency result: ", "result":"Server did not send this Send Tab To Self local entities count is: 0 local entities hash is: "}
{"logTime": "0419/031027", "correlationVector":"8+GDh16J9ZoEg6/dYHzwKJ.7","action":"CompareDataConsistency result: ", "result":"Compare result: Web Apps is consistent. local entities count is: 0 local entities hash is: "}
{"logTime": "0419/031027", "correlationVector":"8+GDh16J9ZoEg6/dYHzwKJ.8","action":"CompareDataConsistency result: ", "result":"Server did not send this History local entities count is: 0 local entities hash is: "}
{"logTime": "0419/031027", "correlationVector":"8+GDh16J9ZoEg6/dYHzwKJ.9","action":"CompareDataConsistency result: ", "result":"Compare result: Saved Tab Group is consistent. local entities count is: 0 local entities hash is: "}
{"logTime": "0419/031027", "correlationVector":"8+GDh16J9ZoEg6/dYHzwKJ.10","action":"CompareDataConsistency result: ", "result":"Server did not send this WebAuthn Credentials local entities count is: 0 local entities hash is: "}
{"logTime": "0419/031027", "correlationVector":"8+GDh16J9ZoEg6/dYHzwKJ.11","action":"CompareDataConsistency result: ", "result":"Compare result: Collection is consistent. local entities count is: 0 local entities hash is: "}
{"logTime": "0419/031027", "correlationVector":"8+GDh16J9ZoEg6/dYHzwKJ.12","action":"CompareDataConsistency result: ", "result":"Compare result: Edge E Drop is consistent. local entities count is: 0 local entities hash is: "}
{"logTime": "0419/031027", "correlationVector":"8+GDh16J9ZoEg6/dYHzwKJ.13","action":"CompareDataConsistency result: ", "result":"Compare result: Edge Wallet is consistent. local entities count is: 0 local entities hash is: "}
{"logTime": "0419/031027", "correlationVector":"8+GDh16J9ZoEg6/dYHzwKJ.14","action":"CompareDataConsistency result: ", "result":"Server did not send this Edge Workspace local entities count is: 0 local entities hash is: "}
{"logTime": "0419/031027", "correlationVector":"8+GDh16J9ZoEg6/dYHzwKJ.15","action":"CompareDataConsistency result: ", "result":"Compare result: Passwords is consistent. local entities count is: 84 local entities hash is: Tj9coJyiBxa308B2Da7NLDAIH/E="}
{"logTime": "0419/031027", "correlationVector":"uwxozPXg4cQDfjN6gSwZan","action":"Commit Request", "result":"", "context":Item count: 4
Contributing types: Sessions, Device Info, User Consents}
{"logTime": "0419/031027", "correlationVector":"uwxozPXg4cQDfjN6gSwZan.1","action":"SyncServerConnectionManagerRequest", "result":"SYNC_SERVER_OK", "context":{"environment":"Prod_brazilsouth_prod-s01-034-sam-brazilsouth", "migrationStage":"NotStarted", "server":"akswtt100000009"}}
{"logTime": "0419/031027", "correlationVector":"uwxozPXg4cQDfjN6gSwZan.2","action":"Commit Response", "result":"Success", "context":Result: Success. cV=uwxozPXg4cQDfjN6gSwZan.0;server=akswtt100000009;cloudType=Consumer;environment=Prod_brazilsouth_prod-s01-034-sam-brazilsouth;migrationStage=NotStarted}
{"logTime": "0419/031027", "correlationVector":"","action":"DIAGNOSTIC_REQUEST|v1/diagnosticData/Diagnostic.SendCheckResult()|SUCCESS", "result":""}
{"logTime": "0419/031105", "correlationVector":"ZUfEnRuWlOB6QsxhjIXUgw","action":"Commit Request", "result":"", "context":Item count: 40
Contributing types: Passwords}
{"logTime": "0419/031107", "correlationVector":"ZUfEnRuWlOB6QsxhjIXUgw.1","action":"SyncServerConnectionManagerRequest", "result":"SYNC_SERVER_OK", "context":{"environment":"Prod_brazilsouth_prod-s01-001-sam-brazilsouth", "migrationStage":"NotStarted", "server":"akswtt004000001"}}
{"logTime": "0419/031107", "correlationVector":"ZUfEnRuWlOB6QsxhjIXUgw.2","action":"Commit Response", "result":"Success", "context":Result: Success. cV=ZUfEnRuWlOB6QsxhjIXUgw.0;server=akswtt004000001;cloudType=Consumer;environment=Prod_brazilsouth_prod-s01-001-sam-brazilsouth;migrationStage=NotStarted}
{"logTime": "0419/031108", "correlationVector":"77nXjNEzoHwKEYrl8Zww9B","action":"Commit Request", "result":"", "context":Item count: 40
Contributing types: Passwords}
{"logTime": "0419/031109", "correlationVector":"77nXjNEzoHwKEYrl8Zww9B.1","action":"SyncServerConnectionManagerRequest", "result":"SYNC_SERVER_OK", "context":{"environment":"Prod_brazilsouth_prod-s01-001-sam-brazilsouth", "migrationStage":"NotStarted", "server":"akswtt004000002"}}
{"logTime": "0419/031109", "correlationVector":"77nXjNEzoHwKEYrl8Zww9B.2","action":"Commit Response", "result":"Success", "context":Result: Success. cV=77nXjNEzoHwKEYrl8Zww9B.0;server=akswtt004000002;cloudType=Consumer;environment=Prod_brazilsouth_prod-s01-001-sam-brazilsouth;migrationStage=NotStarted}
{"logTime": "0419/031110", "correlationVector":"9UhYCtBonwOqQVHTHXdzRo","action":"Commit Request", "result":"", "context":Item count: 10
Contributing types: Passwords, Sessions, History}
{"logTime": "0419/031110", "correlationVector":"9UhYCtBonwOqQVHTHXdzRo.1","action":"SyncServerConnectionManagerRequest", "result":"SYNC_SERVER_OK", "context":{"environment":"Prod_brazilsouth_prod-s01-001-sam-brazilsouth", "migrationStage":"NotStarted", "server":"akswtt004000002"}}
{"logTime": "0419/031110", "correlationVector":"9UhYCtBonwOqQVHTHXdzRo.2","action":"Commit Response", "result":"Success", "context":Result: Success. cV=9UhYCtBonwOqQVHTHXdzRo.0;server=akswtt004000002;cloudType=Consumer;environment=Prod_brazilsouth_prod-s01-001-sam-brazilsouth;migrationStage=NotStarted}
{"logTime": "0419/031214", "correlationVector":"XdIlmZOb5Tlmei86fTQICc","action":"Commit Request", "result":"", "context":Item count: 11
Contributing types: Sessions, History}
{"logTime": "0419/031214", "correlationVector":"XdIlmZOb5Tlmei86fTQICc.1","action":"SyncServerConnectionManagerRequest", "result":"SYNC_SERVER_OK", "context":{"environment":"Prod_brazilsouth_prod-s01-034-sam-brazilsouth", "migrationStage":"NotStarted", "server":"akswtt100000009"}}
{"logTime": "0419/031214", "correlationVector":"XdIlmZOb5Tlmei86fTQICc.3","action":"Commit.Sessions", "result":"Success", "context":{"id":"149ddda4-a68a-4f20-bc8d-c3e6aec31413", "isDeleted":"true", "size":"0", "version":"1776568270160"}}
{"logTime": "0419/031214", "correlationVector":"XdIlmZOb5Tlmei86fTQICc.2","action":"Commit Response", "result":"Success", "context":Result: Success. cV=XdIlmZOb5Tlmei86fTQICc.0;server=akswtt100000009;cloudType=Consumer;environment=Prod_brazilsouth_prod-s01-034-sam-brazilsouth;migrationStage=NotStarted}
