2026-04-19 03:10:04.752: [INFO][Sync] Reset engine, reason: 8
2026-04-19 03:10:04.752: [INFO][Sync] Stopped: Bookmarks
2026-04-19 03:10:04.752: [INFO][Sync] Stopped: Preferences
2026-04-19 03:10:04.752: [INFO][Sync] Stopped: Passwords
2026-04-19 03:10:04.752: [INFO][Sync] Stopped: Autofill Profiles
2026-04-19 03:10:04.752: [INFO][Sync] Stopped: Autofill
2026-04-19 03:10:04.752: [INFO][Sync] Stopped: Extensions
2026-04-19 03:10:04.752: [INFO][Sync] Stopped: Sessions
2026-04-19 03:10:04.752: [INFO][Sync] Stopped: Extension settings
2026-04-19 03:10:04.752: [INFO][Sync] Stopped: History Delete Directives
2026-04-19 03:10:04.752: [INFO][Sync] Stopped: Device Info
2026-04-19 03:10:04.752: [INFO][Sync] Stopped: User Consents
2026-04-19 03:10:04.752: [INFO][Sync] Stopped: Send Tab To Self
2026-04-19 03:10:04.752: [INFO][Sync] Stopped: Web Apps
2026-04-19 03:10:04.752: [INFO][Sync] Stopped: History
2026-04-19 03:10:04.752: [INFO][Sync] Stopped: Saved Tab Group
2026-04-19 03:10:04.752: [INFO][Sync] Stopped: WebAuthn Credentials
2026-04-19 03:10:04.752: [INFO][Sync] Stopped: Collection
2026-04-19 03:10:04.752: [INFO][Sync] Stopped: Edge E Drop
2026-04-19 03:10:04.752: [INFO][Sync] Stopped: Edge Hub App Usage
2026-04-19 03:10:04.752: [INFO][Sync] Stopped: Edge Wallet
2026-04-19 03:10:04.753: [INFO][Sync] Stopped: Edge Workspace
2026-04-19 03:10:04.753: [INFO][Sync] SyncState after authenticated was: NotSignedIn
2026-04-19 03:10:06.201: [INFO][Sync] Reset engine, reason: 8
2026-04-19 03:10:06.201: [INFO][Sync] Stopped: Bookmarks
2026-04-19 03:10:06.201: [INFO][Sync] Stopped: Preferences
2026-04-19 03:10:06.201: [INFO][Sync] Stopped: Passwords
2026-04-19 03:10:06.201: [INFO][Sync] Stopped: Autofill Profiles
2026-04-19 03:10:06.201: [INFO][Sync] Stopped: Autofill
2026-04-19 03:10:06.201: [INFO][Sync] Stopped: Extensions
2026-04-19 03:10:06.201: [INFO][Sync] Stopped: Sessions
2026-04-19 03:10:06.201: [INFO][Sync] Stopped: Extension settings
2026-04-19 03:10:06.201: [INFO][Sync] Stopped: History Delete Directives
2026-04-19 03:10:06.201: [INFO][Sync] Stopped: Device Info
2026-04-19 03:10:06.201: [INFO][Sync] Stopped: User Consents
2026-04-19 03:10:06.201: [INFO][Sync] Stopped: Send Tab To Self
2026-04-19 03:10:06.201: [INFO][Sync] Stopped: Web Apps
2026-04-19 03:10:06.201: [INFO][Sync] Stopped: History
2026-04-19 03:10:06.201: [INFO][Sync] Stopped: Saved Tab Group
2026-04-19 03:10:06.201: [INFO][Sync] Stopped: WebAuthn Credentials
2026-04-19 03:10:06.201: [INFO][Sync] Stopped: Collection
2026-04-19 03:10:06.201: [INFO][Sync] Stopped: Edge E Drop
2026-04-19 03:10:06.201: [INFO][Sync] Stopped: Edge Hub App Usage
2026-04-19 03:10:06.201: [INFO][Sync] Stopped: Edge Wallet
2026-04-19 03:10:06.201: [INFO][Sync] Stopped: Edge Workspace
2026-04-19 03:10:12.188: [INFO][Sync] Try to start sync engine
2026-04-19 03:10:12.209: [INFO][SyncManagerImpl::NudgeForInitialDownload] Initial download nudge for Encryption Keys
2026-04-19 03:10:12.209: [INFO][SyncEngineBackend::LoadAndConnectNigoriController] Load and connect Nigori controller
2026-04-19 03:10:12.209: [INFO][SyncEngineBackend::DoInitialize] Control Types added: Encryption Keys
2026-04-19 03:10:12.209: [INFO][SyncManagerImpl::ConfigureSyncer] Types to download: Encryption Keys with reason: 3
2026-04-19 03:10:12.211: [INFO][SyncSchedulerImpl::DoConfigurationSyncCycleJob] Configure job was blocked
2026-04-19 03:10:12.307: [INFO][SyncAuthManager::SetLastAuthError] Current auth error: None
2026-04-19 03:10:12.307: [INFO][SyncAuthManager::EdgeLogTokenErrorState] Token error with: None for account type: MSA
2026-04-19 03:10:12.307: [INFO][Sync] Credentials changed for: EdgeSyncScopeNew
2026-04-19 03:10:14.197: [INFO][SyncAuthManager::SetLastAuthError] Current auth error: None
2026-04-19 03:10:14.197: [INFO][SyncAuthManager::EdgeLogTokenErrorState] Token error with: None for account type: MSA
2026-04-19 03:10:14.197: [INFO][Sync] Credentials changed for: EdgeSyncKeyDataScope
2026-04-19 03:10:14.197: [INFO][SyncEngineBackend::DoUpdateKeyDataCredentials] Update key data credentials
2026-04-19 03:10:14.197: [INFO][SyncEngineBackend::DoUpdateCredentials] Update credentials
2026-04-19 03:10:14.199: [INFO][SyncSchedulerImpl::DoConfigurationSyncCycleJob] Blocked types:  and types to download: Encryption Keys
2026-04-19 03:10:14.531: [INFO][Sync] Started DataTypeManager configuration, reason: 4
2026-04-19 03:10:14.532: [INFO][Sync] Configuring for: Bookmarks, Preferences, Passwords, Autofill Profiles, Autofill, Extensions, Sessions, Extension settings, History Delete Directives, Device Info, User Consents, Send Tab To Self, Web Apps, History, Saved Tab Group, WebAuthn Credentials, Collection, Edge E Drop, Edge Hub App Usage, Edge Wallet, Edge Workspace, Encryption Keys, reason: 3, current state: 0
2026-04-19 03:10:14.532: [WARN][Sync] Crypto error data types: Passwords, Autofill Profiles, Autofill
2026-04-19 03:10:14.540: [INFO][Sync] Configure, desired: Bookmarks, Preferences, Extensions, Sessions, Extension settings, History Delete Directives, Device Info, User Consents, Send Tab To Self, Web Apps, History, Saved Tab Group, WebAuthn Credentials, Collection, Edge E Drop, Edge Hub App Usage, Edge Wallet, Edge Workspace, Encryption Keys; Allow fail: Passwords, Autofill Profiles, Autofill
2026-04-19 03:10:14.540: [INFO][Sync] Loading: Bookmarks
2026-04-19 03:10:14.540: [INFO][Sync] Loading: Preferences
2026-04-19 03:10:14.540: [INFO][Sync] Loading: Extensions
2026-04-19 03:10:14.541: [INFO][Sync] Loading: Sessions
2026-04-19 03:10:14.542: [INFO][Sync] Loading: Extension settings
2026-04-19 03:10:14.542: [INFO][Sync] Loading: History Delete Directives
2026-04-19 03:10:14.542: [INFO][Sync] Loading: Device Info
2026-04-19 03:10:14.542: [INFO][Sync] Loading: User Consents
2026-04-19 03:10:14.542: [INFO][Sync] Loading: Send Tab To Self
2026-04-19 03:10:14.542: [INFO][Sync] Loading: Web Apps
2026-04-19 03:10:14.542: [INFO][Sync] Loading: History
2026-04-19 03:10:14.542: [INFO][Sync] Loading: Saved Tab Group
2026-04-19 03:10:14.542: [INFO][Sync] Loading: WebAuthn Credentials
2026-04-19 03:10:14.542: [INFO][Sync] Loading: Collection
2026-04-19 03:10:14.542: [INFO][Sync] Loading: Edge E Drop
2026-04-19 03:10:14.542: [INFO][Sync] Loading: Edge Hub App Usage
2026-04-19 03:10:14.542: [INFO][Sync] Loading: Edge Wallet
2026-04-19 03:10:14.542: [INFO][Sync] Loading: Edge Workspace
2026-04-19 03:10:14.553: [INFO][Sync] All data types are ready for configure.
2026-04-19 03:10:14.962: [INFO][Sync] Started DataTypeManager configuration, reason: 5
2026-04-19 03:10:14.963: [INFO][Sync] Configuring for: Bookmarks, Preferences, Passwords, Autofill Profiles, Autofill, Extensions, Sessions, Extension settings, History Delete Directives, Device Info, User Consents, Send Tab To Self, Web Apps, History, Saved Tab Group, WebAuthn Credentials, Collection, Edge E Drop, Edge Hub App Usage, Edge Wallet, Edge Workspace, Encryption Keys, reason: 5, current state: 1
2026-04-19 03:10:14.974: [INFO][SyncEngineBackend::DoStartConfiguration] Start configuration
2026-04-19 03:10:14.975: [INFO][SyncManagerImpl::NudgeForInitialDownload] Initial download nudge for Bookmarks
2026-04-19 03:10:14.975: [INFO][SyncManagerImpl::NudgeForInitialDownload] Initial download nudge for Preferences
2026-04-19 03:10:14.975: [INFO][SyncManagerImpl::NudgeForInitialDownload] Initial download nudge for Extensions
2026-04-19 03:10:14.975: [INFO][SyncManagerImpl::NudgeForInitialDownload] Initial download nudge for Sessions
2026-04-19 03:10:14.975: [INFO][SyncManagerImpl::NudgeForInitialDownload] Initial download nudge for Extension settings
2026-04-19 03:10:14.975: [INFO][SyncManagerImpl::NudgeForInitialDownload] Initial download nudge for History Delete Directives
2026-04-19 03:10:14.975: [INFO][SyncManagerImpl::NudgeForInitialDownload] Initial download nudge for Device Info
2026-04-19 03:10:14.975: [INFO][SyncManagerImpl::NudgeForInitialDownload] Initial download nudge for Send Tab To Self
2026-04-19 03:10:14.975: [INFO][SyncManagerImpl::NudgeForInitialDownload] Initial download nudge for Web Apps
2026-04-19 03:10:14.975: [INFO][SyncManagerImpl::NudgeForInitialDownload] Initial download nudge for History
2026-04-19 03:10:14.975: [INFO][SyncManagerImpl::NudgeForInitialDownload] Initial download nudge for Saved Tab Group
2026-04-19 03:10:14.975: [INFO][SyncManagerImpl::NudgeForInitialDownload] Initial download nudge for WebAuthn Credentials
2026-04-19 03:10:14.975: [INFO][SyncManagerImpl::NudgeForInitialDownload] Initial download nudge for Collection
2026-04-19 03:10:14.975: [INFO][SyncManagerImpl::NudgeForInitialDownload] Initial download nudge for Edge E Drop
2026-04-19 03:10:14.975: [INFO][SyncManagerImpl::NudgeForInitialDownload] Initial download nudge for Edge Hub App Usage
2026-04-19 03:10:14.975: [INFO][SyncManagerImpl::NudgeForInitialDownload] Initial download nudge for Edge Wallet
2026-04-19 03:10:14.975: [INFO][SyncManagerImpl::NudgeForInitialDownload] Initial download nudge for Edge Workspace
2026-04-19 03:10:14.975: [INFO][SyncManagerImpl::ConfigureSyncer] Types to download:  with reason: 3
2026-04-19 03:10:14.975: [INFO][SyncEngineBackend::DoFinishConfigureDataTypes] Failed to download types:  and succeeded types: 
2026-04-19 03:10:14.983: [INFO][Sync] ConfigurationDone, failed: , succeeded: , remaining count: 4
2026-04-19 03:10:14.983: [WARN][Sync]     Reconfigure requested while configuration ongoing.
2026-04-19 03:10:14.983: [INFO][Sync] Configuring for: Bookmarks, Preferences, Passwords, Autofill Profiles, Autofill, Extensions, Sessions, Extension settings, History Delete Directives, Device Info, User Consents, Send Tab To Self, Web Apps, History, Saved Tab Group, WebAuthn Credentials, Collection, Edge E Drop, Edge Hub App Usage, Edge Wallet, Edge Workspace, Encryption Keys, reason: 5, current state: 2
2026-04-19 03:10:14.983: [INFO][Sync] Configure, desired: Bookmarks, Preferences, Passwords, Autofill Profiles, Autofill, Extensions, Sessions, Extension settings, History Delete Directives, Device Info, User Consents, Send Tab To Self, Web Apps, History, Saved Tab Group, WebAuthn Credentials, Collection, Edge E Drop, Edge Hub App Usage, Edge Wallet, Edge Workspace, Encryption Keys; Allow fail: 
2026-04-19 03:10:14.983: [INFO][Sync] Loading: Passwords
2026-04-19 03:10:14.983: [INFO][Sync] Loading: Autofill Profiles
2026-04-19 03:10:14.983: [INFO][Sync] Loading: Autofill
2026-04-19 03:10:14.985: [INFO][Sync] All data types are ready for configure.
2026-04-19 03:10:14.987: [INFO][SyncManagerImpl::NudgeForInitialDownload] Initial download nudge for Passwords
2026-04-19 03:10:14.987: [INFO][SyncManagerImpl::NudgeForInitialDownload] Initial download nudge for Autofill Profiles
2026-04-19 03:10:14.987: [INFO][SyncManagerImpl::NudgeForInitialDownload] Initial download nudge for Autofill
2026-04-19 03:10:14.987: [INFO][SyncManagerImpl::ConfigureSyncer] Types to download:  with reason: 5
2026-04-19 03:10:14.987: [INFO][SyncEngineBackend::DoFinishConfigureDataTypes] Failed to download types:  and succeeded types: 
2026-04-19 03:10:14.987: [INFO][Sync] ConfigurationDone, failed: , succeeded: , remaining count: 4
2026-04-19 03:10:14.987: [INFO][Sync] Prepare to configure types: Preferences, Passwords, Device Info, Send Tab To Self, Edge E Drop, Encryption Keys
2026-04-19 03:10:14.987: [INFO][SyncManagerImpl::ConfigureSyncer] Types to download: Preferences, Passwords, Device Info, Send Tab To Self, Edge E Drop, Encryption Keys with reason: 5
2026-04-19 03:10:14.987: [INFO][SyncSchedulerImpl::DoConfigurationSyncCycleJob] Blocked types:  and types to download: Preferences, Passwords, Device Info, Send Tab To Self, Edge E Drop, Encryption Keys
2026-04-19 03:10:15.309: [INFO][SyncEngineBackend::DoFinishConfigureDataTypes] Failed to download types:  and succeeded types: Preferences, Passwords, Device Info, Send Tab To Self, Edge E Drop, Encryption Keys
2026-04-19 03:10:15.356: [INFO][Sync] ConfigurationDone, failed: , succeeded: Preferences, Passwords, Device Info, Send Tab To Self, Edge E Drop, Encryption Keys, remaining count: 3
2026-04-19 03:10:15.356: [INFO][Sync] Prepare to configure types: Bookmarks, Encryption Keys
2026-04-19 03:10:15.356: [INFO][SyncManagerImpl::ConfigureSyncer] Types to download: Bookmarks, Encryption Keys with reason: 5
2026-04-19 03:10:15.356: [INFO][SyncSchedulerImpl::DoConfigurationSyncCycleJob] Blocked types:  and types to download: Bookmarks, Encryption Keys
2026-04-19 03:10:15.693: [INFO][SyncEngineBackend::DoFinishConfigureDataTypes] Failed to download types:  and succeeded types: Bookmarks, Encryption Keys
2026-04-19 03:10:15.974: [INFO][Sync] ConfigurationDone, failed: , succeeded: Bookmarks, Encryption Keys, remaining count: 2
2026-04-19 03:10:15.974: [INFO][Sync] Prepare to configure types: Autofill Profiles, Autofill, Extensions, Sessions, Extension settings, History Delete Directives, Web Apps, Saved Tab Group, WebAuthn Credentials, Collection, Edge Hub App Usage, Edge Wallet, Edge Workspace, Encryption Keys
2026-04-19 03:10:15.974: [INFO][SyncManagerImpl::ConfigureSyncer] Types to download: Autofill Profiles, Autofill, Extensions, Sessions, Extension settings, History Delete Directives, Web Apps, Saved Tab Group, WebAuthn Credentials, Collection, Edge Hub App Usage, Edge Wallet, Edge Workspace, Encryption Keys with reason: 5
2026-04-19 03:10:15.974: [INFO][SyncSchedulerImpl::DoConfigurationSyncCycleJob] Blocked types:  and types to download: Autofill Profiles, Autofill, Extensions, Sessions, Extension settings, History Delete Directives, Web Apps, Saved Tab Group, WebAuthn Credentials, Collection, Edge Hub App Usage, Edge Wallet, Edge Workspace, Encryption Keys
2026-04-19 03:10:23.705: [INFO][SyncEngineBackend::DoFinishConfigureDataTypes] Failed to download types:  and succeeded types: Autofill Profiles, Autofill, Extensions, Sessions, Extension settings, History Delete Directives, Web Apps, Saved Tab Group, WebAuthn Credentials, Collection, Edge Hub App Usage, Edge Wallet, Edge Workspace, Encryption Keys
2026-04-19 03:10:23.722: [INFO][Sync] ConfigurationDone, failed: , succeeded: Autofill Profiles, Autofill, Extensions, Sessions, Extension settings, History Delete Directives, Web Apps, Saved Tab Group, WebAuthn Credentials, Collection, Edge Hub App Usage, Edge Wallet, Edge Workspace, Encryption Keys, remaining count: 1
2026-04-19 03:10:23.728: [INFO][Sync] Prepare to configure types: History, Encryption Keys
2026-04-19 03:10:23.728: [INFO][SyncManagerImpl::ConfigureSyncer] Types to download: History, Encryption Keys with reason: 5
2026-04-19 03:10:23.728: [INFO][SyncSchedulerImpl::DoConfigurationSyncCycleJob] Blocked types:  and types to download: History, Encryption Keys
2026-04-19 03:10:26.587: [INFO][SyncEngineBackend::DoFinishConfigureDataTypes] Failed to download types:  and succeeded types: History, Encryption Keys
2026-04-19 03:10:26.592: [INFO][Sync] ConfigurationDone, failed: , succeeded: History, Encryption Keys, remaining count: 0
2026-04-19 03:10:26.595: [INFO][Sync]     Configuration completed, state: 7
2026-04-19 03:10:26.596: [INFO][Sync] Configured DataTypeManager: Ok
2026-04-19 03:10:26.603: [INFO][SyncEngineBackend::DoStartSyncing] Start syncing
2026-04-19 03:12:18.943: [INFO][Sync] Reset engine, reason: 0
2026-04-19 03:12:18.943: [INFO][Sync] Reset engine with reason: 0
2026-04-21 05:53:17.958: [INFO][Sync] SyncState after authenticated was: FeatureCanStart
2026-04-21 05:53:18.818: [INFO][Sync] Try to start sync engine
2026-04-21 05:53:18.820: [INFO][SyncManagerImpl::NudgeForInitialDownload] Initial download nudge for Encryption Keys
2026-04-21 05:53:18.820: [INFO][SyncEngineBackend::LoadAndConnectNigoriController] Load and connect Nigori controller
2026-04-21 05:53:18.820: [INFO][SyncEngineBackend::DoInitialize] Control Types added: Encryption Keys
2026-04-21 05:53:18.820: [INFO][SyncManagerImpl::ConfigureSyncer] Types to download: Encryption Keys with reason: 3
2026-04-21 05:53:18.820: [INFO][SyncSchedulerImpl::DoConfigurationSyncCycleJob] Configure job was blocked
2026-04-21 05:53:19.416: [INFO][SyncAuthManager::SetLastAuthError] Current auth error: None
2026-04-21 05:53:19.416: [INFO][SyncAuthManager::EdgeLogTokenErrorState] Token error with: None for account type: MSA
2026-04-21 05:53:19.416: [INFO][Sync] Credentials changed for: EdgeSyncScopeNew
2026-04-21 05:53:20.531: [INFO][SyncAuthManager::SetLastAuthError] Current auth error: None
2026-04-21 05:53:20.531: [INFO][SyncAuthManager::EdgeLogTokenErrorState] Token error with: None for account type: MSA
2026-04-21 05:53:20.531: [INFO][Sync] Credentials changed for: EdgeSyncKeyDataScope
2026-04-21 05:53:20.531: [INFO][SyncEngineBackend::DoUpdateKeyDataCredentials] Update key data credentials
2026-04-21 05:53:20.531: [INFO][SyncEngineBackend::DoUpdateCredentials] Update credentials
2026-04-21 05:53:20.531: [INFO][SyncSchedulerImpl::DoConfigurationSyncCycleJob] Blocked types:  and types to download: Encryption Keys
2026-04-21 05:53:21.680: [INFO][Sync] Started DataTypeManager configuration, reason: 4
2026-04-21 05:53:21.681: [INFO][Sync] Configuring for: Bookmarks, Preferences, Passwords, Autofill Profiles, Autofill, Extensions, Sessions, Extension settings, History Delete Directives, Device Info, User Consents, Send Tab To Self, Web Apps, History, Saved Tab Group, WebAuthn Credentials, Collection, Edge E Drop, Edge Hub App Usage, Edge Wallet, Edge Workspace, Encryption Keys, reason: 4, current state: 0
2026-04-21 05:53:21.681: [WARN][Sync] Crypto error data types: Passwords, Autofill Profiles, Autofill
2026-04-21 05:53:21.687: [INFO][Sync] Configure, desired: Bookmarks, Preferences, Extensions, Sessions, Extension settings, History Delete Directives, Device Info, User Consents, Send Tab To Self, Web Apps, History, Saved Tab Group, WebAuthn Credentials, Collection, Edge E Drop, Edge Hub App Usage, Edge Wallet, Edge Workspace, Encryption Keys; Allow fail: Passwords, Autofill Profiles, Autofill
2026-04-21 05:53:21.687: [INFO][Sync] Loading: Bookmarks
2026-04-21 05:53:21.687: [INFO][Sync] Loading: Preferences
2026-04-21 05:53:21.687: [INFO][Sync] Loading: Extensions
2026-04-21 05:53:21.687: [INFO][Sync] Loading: Sessions
2026-04-21 05:53:21.687: [INFO][Sync] Loading: Extension settings
2026-04-21 05:53:21.687: [INFO][Sync] Loading: History Delete Directives
2026-04-21 05:53:21.687: [INFO][Sync] Loading: Device Info
2026-04-21 05:53:21.687: [INFO][Sync] Loading: User Consents
2026-04-21 05:53:21.687: [INFO][Sync] Loading: Send Tab To Self
2026-04-21 05:53:21.687: [INFO][Sync] Loading: Web Apps
2026-04-21 05:53:21.687: [INFO][Sync] Loading: History
2026-04-21 05:53:21.687: [INFO][Sync] Loading: Saved Tab Group
2026-04-21 05:53:21.687: [INFO][Sync] Loading: WebAuthn Credentials
2026-04-21 05:53:21.687: [INFO][Sync] Loading: Collection
2026-04-21 05:53:21.687: [INFO][Sync] Loading: Edge E Drop
2026-04-21 05:53:21.687: [INFO][Sync] Loading: Edge Hub App Usage
2026-04-21 05:53:21.687: [INFO][Sync] Loading: Edge Wallet
2026-04-21 05:53:21.687: [INFO][Sync] Loading: Edge Workspace
2026-04-21 05:53:21.879: [INFO][Sync] All data types are ready for configure.
2026-04-21 05:53:22.280: [INFO][Sync] Started DataTypeManager configuration, reason: 5
2026-04-21 05:53:22.280: [INFO][Sync] Configuring for: Bookmarks, Preferences, Passwords, Autofill Profiles, Autofill, Extensions, Sessions, Extension settings, History Delete Directives, Device Info, User Consents, Send Tab To Self, Web Apps, History, Saved Tab Group, WebAuthn Credentials, Collection, Edge E Drop, Edge Hub App Usage, Edge Wallet, Edge Workspace, Encryption Keys, reason: 5, current state: 1
2026-04-21 05:53:22.284: [INFO][SyncEngineBackend::DoStartConfiguration] Start configuration
2026-04-21 05:53:22.285: [INFO][SyncManagerImpl::ConfigureSyncer] Types to download:  with reason: 4
2026-04-21 05:53:22.285: [INFO][SyncEngineBackend::DoFinishConfigureDataTypes] Failed to download types:  and succeeded types: 
2026-04-21 05:53:22.285: [INFO][Sync] ConfigurationDone, failed: , succeeded: , remaining count: 4
2026-04-21 05:53:22.285: [WARN][Sync]     Reconfigure requested while configuration ongoing.
2026-04-21 05:53:22.285: [INFO][Sync] Configuring for: Bookmarks, Preferences, Passwords, Autofill Profiles, Autofill, Extensions, Sessions, Extension settings, History Delete Directives, Device Info, User Consents, Send Tab To Self, Web Apps, History, Saved Tab Group, WebAuthn Credentials, Collection, Edge E Drop, Edge Hub App Usage, Edge Wallet, Edge Workspace, Encryption Keys, reason: 5, current state: 2
2026-04-21 05:53:22.285: [INFO][Sync] Configure, desired: Bookmarks, Preferences, Passwords, Autofill Profiles, Autofill, Extensions, Sessions, Extension settings, History Delete Directives, Device Info, User Consents, Send Tab To Self, Web Apps, History, Saved Tab Group, WebAuthn Credentials, Collection, Edge E Drop, Edge Hub App Usage, Edge Wallet, Edge Workspace, Encryption Keys; Allow fail: 
2026-04-21 05:53:22.285: [INFO][Sync] Loading: Passwords
2026-04-21 05:53:22.285: [INFO][Sync] Loading: Autofill Profiles
2026-04-21 05:53:22.285: [INFO][Sync] Loading: Autofill
2026-04-21 05:53:22.285: [INFO][Sync] All data types are ready for configure.
2026-04-21 05:53:22.285: [INFO][SyncManagerImpl::NudgeForInitialDownload] Initial download nudge for Passwords
2026-04-21 05:53:22.285: [INFO][SyncManagerImpl::ConfigureSyncer] Types to download:  with reason: 5
2026-04-21 05:53:22.285: [INFO][SyncEngineBackend::DoFinishConfigureDataTypes] Failed to download types:  and succeeded types: 
2026-04-21 05:53:22.285: [INFO][Sync] ConfigurationDone, failed: , succeeded: , remaining count: 4
2026-04-21 05:53:22.285: [INFO][Sync] Prepare to configure types: Passwords, Encryption Keys
2026-04-21 05:53:22.285: [INFO][SyncManagerImpl::ConfigureSyncer] Types to download: Passwords, Encryption Keys with reason: 5
2026-04-21 05:53:22.285: [INFO][SyncSchedulerImpl::DoConfigurationSyncCycleJob] Blocked types:  and types to download: Passwords, Encryption Keys
2026-04-21 05:53:22.545: [INFO][SyncEngineBackend::DoFinishConfigureDataTypes] Failed to download types:  and succeeded types: Passwords, Encryption Keys
2026-04-21 05:53:22.549: [INFO][Sync] ConfigurationDone, failed: , succeeded: Passwords, Encryption Keys, remaining count: 3
2026-04-21 05:53:22.549: [INFO][SyncManagerImpl::ConfigureSyncer] Types to download:  with reason: 5
2026-04-21 05:53:22.549: [INFO][SyncEngineBackend::DoFinishConfigureDataTypes] Failed to download types:  and succeeded types: 
2026-04-21 05:53:22.550: [INFO][Sync] ConfigurationDone, failed: , succeeded: , remaining count: 2
2026-04-21 05:53:22.550: [INFO][SyncManagerImpl::ConfigureSyncer] Types to download:  with reason: 5
2026-04-21 05:53:22.550: [INFO][SyncEngineBackend::DoFinishConfigureDataTypes] Failed to download types:  and succeeded types: 
2026-04-21 05:53:22.550: [INFO][Sync] ConfigurationDone, failed: , succeeded: , remaining count: 1
2026-04-21 05:53:22.556: [INFO][SyncManagerImpl::ConfigureSyncer] Types to download:  with reason: 5
2026-04-21 05:53:22.556: [INFO][SyncEngineBackend::DoFinishConfigureDataTypes] Failed to download types:  and succeeded types: 
2026-04-21 05:53:22.556: [INFO][Sync] ConfigurationDone, failed: , succeeded: , remaining count: 0
2026-04-21 05:53:22.559: [INFO][Sync]     Configuration completed, state: 7
2026-04-21 05:53:22.561: [INFO][Sync] Configured DataTypeManager: Ok
2026-04-21 05:53:22.566: [INFO][SyncEngineBackend::DoStartSyncing] Start syncing
2026-04-21 06:04:01.072: [INFO][Sync] Reset engine, reason: 0
2026-04-21 06:04:01.072: [INFO][Sync] Reset engine with reason: 0
2026-04-21 06:23:18.104: [INFO][Sync] Reset engine, reason: 8
2026-04-21 06:23:18.104: [INFO][Sync] Stopped: Bookmarks
2026-04-21 06:23:18.104: [INFO][Sync] Stopped: Preferences
2026-04-21 06:23:18.104: [INFO][Sync] Stopped: Passwords
2026-04-21 06:23:18.104: [INFO][Sync] Stopped: Autofill Profiles
2026-04-21 06:23:18.104: [INFO][Sync] Stopped: Autofill
2026-04-21 06:23:18.104: [INFO][Sync] Stopped: Extensions
2026-04-21 06:23:18.104: [INFO][Sync] Stopped: Sessions
2026-04-21 06:23:18.104: [INFO][Sync] Stopped: Extension settings
2026-04-21 06:23:18.104: [INFO][Sync] Stopped: History Delete Directives
2026-04-21 06:23:18.104: [INFO][Sync] Stopped: Device Info
2026-04-21 06:23:18.104: [INFO][Sync] Stopped: User Consents
2026-04-21 06:23:18.104: [INFO][Sync] Stopped: Send Tab To Self
2026-04-21 06:23:18.104: [INFO][Sync] Stopped: Web Apps
2026-04-21 06:23:18.104: [INFO][Sync] Stopped: History
2026-04-21 06:23:18.104: [INFO][Sync] Stopped: Saved Tab Group
2026-04-21 06:23:18.104: [INFO][Sync] Stopped: WebAuthn Credentials
2026-04-21 06:23:18.104: [INFO][Sync] Stopped: Collection
2026-04-21 06:23:18.104: [INFO][Sync] Stopped: Edge E Drop
2026-04-21 06:23:18.104: [INFO][Sync] Stopped: Edge Hub App Usage
2026-04-21 06:23:18.104: [INFO][Sync] Stopped: Edge Wallet
2026-04-21 06:23:18.104: [INFO][Sync] Stopped: Edge Workspace
2026-04-21 06:23:18.104: [INFO][Sync] SyncState after authenticated was: NotSignedIn
2026-04-21 06:23:18.805: [INFO][Sync] Reset engine, reason: 8
2026-04-21 06:23:18.805: [INFO][Sync] Stopped: Bookmarks
2026-04-21 06:23:18.805: [INFO][Sync] Stopped: Preferences
2026-04-21 06:23:18.805: [INFO][Sync] Stopped: Passwords
2026-04-21 06:23:18.805: [INFO][Sync] Stopped: Autofill Profiles
2026-04-21 06:23:18.805: [INFO][Sync] Stopped: Autofill
2026-04-21 06:23:18.805: [INFO][Sync] Stopped: Extensions
2026-04-21 06:23:18.805: [INFO][Sync] Stopped: Sessions
2026-04-21 06:23:18.805: [INFO][Sync] Stopped: Extension settings
2026-04-21 06:23:18.805: [INFO][Sync] Stopped: History Delete Directives
2026-04-21 06:23:18.805: [INFO][Sync] Stopped: Device Info
2026-04-21 06:23:18.805: [INFO][Sync] Stopped: User Consents
2026-04-21 06:23:18.805: [INFO][Sync] Stopped: Send Tab To Self
2026-04-21 06:23:18.805: [INFO][Sync] Stopped: Web Apps
2026-04-21 06:23:18.805: [INFO][Sync] Stopped: History
2026-04-21 06:23:18.805: [INFO][Sync] Stopped: Saved Tab Group
2026-04-21 06:23:18.805: [INFO][Sync] Stopped: WebAuthn Credentials
2026-04-21 06:23:18.805: [INFO][Sync] Stopped: Collection
2026-04-21 06:23:18.805: [INFO][Sync] Stopped: Edge E Drop
2026-04-21 06:23:18.805: [INFO][Sync] Stopped: Edge Hub App Usage
2026-04-21 06:23:18.805: [INFO][Sync] Stopped: Edge Wallet
2026-04-21 06:23:18.805: [INFO][Sync] Stopped: Edge Workspace
2026-04-21 06:23:24.857: [INFO][Sync] Try to start sync engine
2026-04-21 06:23:24.859: [INFO][SyncManagerImpl::NudgeForInitialDownload] Initial download nudge for Encryption Keys
2026-04-21 06:23:24.859: [INFO][SyncEngineBackend::LoadAndConnectNigoriController] Load and connect Nigori controller
2026-04-21 06:23:24.859: [INFO][SyncEngineBackend::DoInitialize] Control Types added: Encryption Keys
2026-04-21 06:23:24.859: [INFO][SyncManagerImpl::ConfigureSyncer] Types to download: Encryption Keys with reason: 3
2026-04-21 06:23:24.859: [INFO][SyncSchedulerImpl::DoConfigurationSyncCycleJob] Configure job was blocked
2026-04-21 06:23:24.903: [INFO][SyncAuthManager::SetLastAuthError] Current auth error: None
2026-04-21 06:23:24.903: [INFO][SyncAuthManager::EdgeLogTokenErrorState] Token error with: None for account type: MSA
2026-04-21 06:23:24.903: [INFO][Sync] Credentials changed for: EdgeSyncScopeNew
2026-04-21 06:23:25.980: [INFO][SyncAuthManager::SetLastAuthError] Current auth error: None
2026-04-21 06:23:25.980: [INFO][SyncAuthManager::EdgeLogTokenErrorState] Token error with: None for account type: MSA
2026-04-21 06:23:25.980: [INFO][Sync] Credentials changed for: EdgeSyncKeyDataScope
2026-04-21 06:23:25.980: [INFO][SyncEngineBackend::DoUpdateKeyDataCredentials] Update key data credentials
2026-04-21 06:23:25.980: [INFO][SyncEngineBackend::DoUpdateCredentials] Update credentials
2026-04-21 06:23:25.980: [INFO][SyncSchedulerImpl::DoConfigurationSyncCycleJob] Blocked types:  and types to download: Encryption Keys
2026-04-21 06:23:26.594: [INFO][Sync] Started DataTypeManager configuration, reason: 4
2026-04-21 06:23:26.594: [INFO][Sync] Configuring for: Bookmarks, Preferences, Passwords, Autofill Profiles, Autofill, Extensions, Sessions, Extension settings, History Delete Directives, Device Info, User Consents, Send Tab To Self, Web Apps, History, Saved Tab Group, WebAuthn Credentials, Collection, Edge E Drop, Edge Hub App Usage, Edge Wallet, Edge Workspace, Encryption Keys, reason: 4, current state: 0
2026-04-21 06:23:26.594: [WARN][Sync] Crypto error data types: Passwords, Autofill Profiles, Autofill
2026-04-21 06:23:26.600: [INFO][Sync] Configure, desired: Bookmarks, Preferences, Extensions, Sessions, Extension settings, History Delete Directives, Device Info, User Consents, Send Tab To Self, Web Apps, History, Saved Tab Group, WebAuthn Credentials, Collection, Edge E Drop, Edge Hub App Usage, Edge Wallet, Edge Workspace, Encryption Keys; Allow fail: Passwords, Autofill Profiles, Autofill
2026-04-21 06:23:26.600: [INFO][Sync] Loading: Bookmarks
2026-04-21 06:23:26.600: [INFO][Sync] Loading: Preferences
2026-04-21 06:23:26.600: [INFO][Sync] Loading: Extensions
2026-04-21 06:23:26.600: [INFO][Sync] Loading: Sessions
2026-04-21 06:23:26.601: [INFO][Sync] Loading: Extension settings
2026-04-21 06:23:26.601: [INFO][Sync] Loading: History Delete Directives
2026-04-21 06:23:26.601: [INFO][Sync] Loading: Device Info
2026-04-21 06:23:26.601: [INFO][Sync] Loading: User Consents
2026-04-21 06:23:26.601: [INFO][Sync] Loading: Send Tab To Self
2026-04-21 06:23:26.601: [INFO][Sync] Loading: Web Apps
2026-04-21 06:23:26.601: [INFO][Sync] Loading: History
2026-04-21 06:23:26.601: [INFO][Sync] Loading: Saved Tab Group
2026-04-21 06:23:26.601: [INFO][Sync] Loading: WebAuthn Credentials
2026-04-21 06:23:26.601: [INFO][Sync] Loading: Collection
2026-04-21 06:23:26.601: [INFO][Sync] Loading: Edge E Drop
2026-04-21 06:23:26.601: [INFO][Sync] Loading: Edge Hub App Usage
2026-04-21 06:23:26.601: [INFO][Sync] Loading: Edge Wallet
2026-04-21 06:23:26.601: [INFO][Sync] Loading: Edge Workspace
2026-04-21 06:23:27.420: [INFO][Sync] All data types are ready for configure.
2026-04-21 06:23:28.259: [INFO][Sync] Started DataTypeManager configuration, reason: 5
2026-04-21 06:23:28.259: [INFO][Sync] Configuring for: Bookmarks, Preferences, Passwords, Autofill Profiles, Autofill, Extensions, Sessions, Extension settings, History Delete Directives, Device Info, User Consents, Send Tab To Self, Web Apps, History, Saved Tab Group, WebAuthn Credentials, Collection, Edge E Drop, Edge Hub App Usage, Edge Wallet, Edge Workspace, Encryption Keys, reason: 5, current state: 1
2026-04-21 06:23:28.267: [INFO][SyncEngineBackend::DoStartConfiguration] Start configuration
2026-04-21 06:23:28.268: [INFO][SyncManagerImpl::NudgeForInitialDownload] Initial download nudge for Bookmarks
2026-04-21 06:23:28.268: [INFO][SyncManagerImpl::NudgeForInitialDownload] Initial download nudge for Preferences
2026-04-21 06:23:28.268: [INFO][SyncManagerImpl::NudgeForInitialDownload] Initial download nudge for Extensions
2026-04-21 06:23:28.268: [INFO][SyncManagerImpl::NudgeForInitialDownload] Initial download nudge for Sessions
2026-04-21 06:23:28.268: [INFO][SyncManagerImpl::NudgeForInitialDownload] Initial download nudge for Extension settings
2026-04-21 06:23:28.268: [INFO][SyncManagerImpl::NudgeForInitialDownload] Initial download nudge for History Delete Directives
2026-04-21 06:23:28.268: [INFO][SyncManagerImpl::NudgeForInitialDownload] Initial download nudge for Device Info
2026-04-21 06:23:28.268: [INFO][SyncManagerImpl::NudgeForInitialDownload] Initial download nudge for Send Tab To Self
2026-04-21 06:23:28.268: [INFO][SyncManagerImpl::NudgeForInitialDownload] Initial download nudge for Web Apps
2026-04-21 06:23:28.268: [INFO][SyncManagerImpl::NudgeForInitialDownload] Initial download nudge for History
2026-04-21 06:23:28.268: [INFO][SyncManagerImpl::NudgeForInitialDownload] Initial download nudge for Saved Tab Group
2026-04-21 06:23:28.268: [INFO][SyncManagerImpl::NudgeForInitialDownload] Initial download nudge for WebAuthn Credentials
2026-04-21 06:23:28.268: [INFO][SyncManagerImpl::NudgeForInitialDownload] Initial download nudge for Collection
2026-04-21 06:23:28.268: [INFO][SyncManagerImpl::NudgeForInitialDownload] Initial download nudge for Edge E Drop
2026-04-21 06:23:28.268: [INFO][SyncManagerImpl::NudgeForInitialDownload] Initial download nudge for Edge Hub App Usage
2026-04-21 06:23:28.268: [INFO][SyncManagerImpl::NudgeForInitialDownload] Initial download nudge for Edge Wallet
2026-04-21 06:23:28.268: [INFO][SyncManagerImpl::NudgeForInitialDownload] Initial download nudge for Edge Workspace
2026-04-21 06:23:28.268: [INFO][SyncManagerImpl::ConfigureSyncer] Types to download:  with reason: 4
2026-04-21 06:23:28.268: [INFO][SyncEngineBackend::DoFinishConfigureDataTypes] Failed to download types:  and succeeded types: 
2026-04-21 06:23:28.269: [INFO][Sync] ConfigurationDone, failed: , succeeded: , remaining count: 4
2026-04-21 06:23:28.269: [WARN][Sync]     Reconfigure requested while configuration ongoing.
2026-04-21 06:23:28.269: [INFO][Sync] Configuring for: Bookmarks, Preferences, Passwords, Autofill Profiles, Autofill, Extensions, Sessions, Extension settings, History Delete Directives, Device Info, User Consents, Send Tab To Self, Web Apps, History, Saved Tab Group, WebAuthn Credentials, Collection, Edge E Drop, Edge Hub App Usage, Edge Wallet, Edge Workspace, Encryption Keys, reason: 5, current state: 2
2026-04-21 06:23:28.269: [INFO][Sync] Configure, desired: Bookmarks, Preferences, Passwords, Autofill Profiles, Autofill, Extensions, Sessions, Extension settings, History Delete Directives, Device Info, User Consents, Send Tab To Self, Web Apps, History, Saved Tab Group, WebAuthn Credentials, Collection, Edge E Drop, Edge Hub App Usage, Edge Wallet, Edge Workspace, Encryption Keys; Allow fail: 
2026-04-21 06:23:28.269: [INFO][Sync] Loading: Passwords
2026-04-21 06:23:28.269: [INFO][Sync] Loading: Autofill Profiles
2026-04-21 06:23:28.269: [INFO][Sync] Loading: Autofill
2026-04-21 06:23:28.270: [INFO][Sync] All data types are ready for configure.
2026-04-21 06:23:28.270: [INFO][SyncManagerImpl::NudgeForInitialDownload] Initial download nudge for Passwords
2026-04-21 06:23:28.271: [INFO][SyncManagerImpl::NudgeForInitialDownload] Initial download nudge for Autofill Profiles
2026-04-21 06:23:28.271: [INFO][SyncManagerImpl::NudgeForInitialDownload] Initial download nudge for Autofill
2026-04-21 06:23:28.271: [INFO][SyncManagerImpl::ConfigureSyncer] Types to download:  with reason: 5
2026-04-21 06:23:28.271: [INFO][SyncEngineBackend::DoFinishConfigureDataTypes] Failed to download types:  and succeeded types: 
2026-04-21 06:23:28.271: [INFO][Sync] ConfigurationDone, failed: , succeeded: , remaining count: 4
2026-04-21 06:23:28.271: [INFO][Sync] Prepare to configure types: Preferences, Passwords, Device Info, Send Tab To Self, Edge E Drop, Encryption Keys
2026-04-21 06:23:28.271: [INFO][SyncManagerImpl::ConfigureSyncer] Types to download: Preferences, Passwords, Device Info, Send Tab To Self, Edge E Drop, Encryption Keys with reason: 5
2026-04-21 06:23:28.271: [INFO][SyncSchedulerImpl::DoConfigurationSyncCycleJob] Blocked types:  and types to download: Preferences, Passwords, Device Info, Send Tab To Self, Edge E Drop, Encryption Keys
2026-04-21 06:23:28.614: [INFO][SyncEngineBackend::DoFinishConfigureDataTypes] Failed to download types:  and succeeded types: Preferences, Passwords, Device Info, Send Tab To Self, Edge E Drop, Encryption Keys
2026-04-21 06:23:28.631: [INFO][Sync] ConfigurationDone, failed: , succeeded: Preferences, Passwords, Device Info, Send Tab To Self, Edge E Drop, Encryption Keys, remaining count: 3
2026-04-21 06:23:28.631: [INFO][Sync] Prepare to configure types: Bookmarks, Encryption Keys
2026-04-21 06:23:28.631: [INFO][SyncManagerImpl::ConfigureSyncer] Types to download: Bookmarks, Encryption Keys with reason: 5
2026-04-21 06:23:28.631: [INFO][SyncSchedulerImpl::DoConfigurationSyncCycleJob] Blocked types:  and types to download: Bookmarks, Encryption Keys
2026-04-21 06:23:29.256: [INFO][SyncEngineBackend::DoFinishConfigureDataTypes] Failed to download types:  and succeeded types: Bookmarks, Encryption Keys
2026-04-21 06:23:29.309: [INFO][Sync] ConfigurationDone, failed: , succeeded: Bookmarks, Encryption Keys, remaining count: 2
2026-04-21 06:23:29.309: [INFO][Sync] Prepare to configure types: Autofill Profiles, Autofill, Extensions, Sessions, Extension settings, History Delete Directives, Web Apps, Saved Tab Group, WebAuthn Credentials, Collection, Edge Hub App Usage, Edge Wallet, Edge Workspace, Encryption Keys
2026-04-21 06:23:29.310: [INFO][SyncManagerImpl::ConfigureSyncer] Types to download: Autofill Profiles, Autofill, Extensions, Sessions, Extension settings, History Delete Directives, Web Apps, Saved Tab Group, WebAuthn Credentials, Collection, Edge Hub App Usage, Edge Wallet, Edge Workspace, Encryption Keys with reason: 5
2026-04-21 06:23:29.310: [INFO][SyncSchedulerImpl::DoConfigurationSyncCycleJob] Blocked types:  and types to download: Autofill Profiles, Autofill, Extensions, Sessions, Extension settings, History Delete Directives, Web Apps, Saved Tab Group, WebAuthn Credentials, Collection, Edge Hub App Usage, Edge Wallet, Edge Workspace, Encryption Keys
2026-04-21 06:23:36.137: [INFO][SyncEngineBackend::DoFinishConfigureDataTypes] Failed to download types:  and succeeded types: Autofill Profiles, Autofill, Extensions, Sessions, Extension settings, History Delete Directives, Web Apps, Saved Tab Group, WebAuthn Credentials, Collection, Edge Hub App Usage, Edge Wallet, Edge Workspace, Encryption Keys
2026-04-21 06:23:36.311: [INFO][Sync] ConfigurationDone, failed: , succeeded: Autofill Profiles, Autofill, Extensions, Sessions, Extension settings, History Delete Directives, Web Apps, Saved Tab Group, WebAuthn Credentials, Collection, Edge Hub App Usage, Edge Wallet, Edge Workspace, Encryption Keys, remaining count: 1
2026-04-21 06:23:36.323: [INFO][Sync] Prepare to configure types: History, Encryption Keys
2026-04-21 06:23:36.323: [INFO][SyncManagerImpl::ConfigureSyncer] Types to download: History, Encryption Keys with reason: 5
2026-04-21 06:23:36.323: [INFO][SyncSchedulerImpl::DoConfigurationSyncCycleJob] Blocked types:  and types to download: History, Encryption Keys
2026-04-21 06:23:39.007: [INFO][SyncEngineBackend::DoFinishConfigureDataTypes] Failed to download types:  and succeeded types: History, Encryption Keys
2026-04-21 06:23:39.013: [INFO][Sync] ConfigurationDone, failed: , succeeded: History, Encryption Keys, remaining count: 0
2026-04-21 06:23:39.019: [INFO][Sync]     Configuration completed, state: 7
2026-04-21 06:23:39.020: [INFO][Sync] Configured DataTypeManager: Ok
2026-04-21 06:23:39.027: [INFO][SyncEngineBackend::DoStartSyncing] Start syncing
2026-04-21 07:24:12.098: [INFO][Sync] Reset engine, reason: 0
2026-04-21 07:24:12.098: [INFO][Sync] Reset engine with reason: 0
